> Task :app:preBuild UP-TO-DATE
> Task :app:preDebugBuild UP-TO-DATE
> Task :app:generateDebugResources UP-TO-DATE
> Task :app:packageDebugResources UP-TO-DATE
> Task :app:processDebugNavigationResources UP-TO-DATE
> Task :app:parseDebugLocalResources UP-TO-DATE
> Task :app:generateDebugRFile UP-TO-DATE

> Task :app:compileDebugKotlin FAILED
.\gradlew.bat : e: file:///E:/Git-Hub/Better/Android_Native/PocketLedger/app/src/main/java/com/just_for_fun/pocketledge
r/ui/dashboard/DashboardScreen.kt:9:47 Unresolved reference 'AttachMoney'.
At line:1 char:1
+ .\gradlew.bat compileDebugKotlin > build_output.txt 2>&1
+ ~~~~~~~~~~~~~~~~~~~~~~~~~~~~~~~~~~~~~~~~~~~~~~~~~~~~~~~~
    + CategoryInfo          : NotSpecified: (e: file:///E:/G... 'AttachMoney'.:String) [], RemoteException
    + FullyQualifiedErrorId : NativeCommandError
 
e: file:///E:/Git-Hub/Better/Android_Native/PocketLedger/app/src/main/java/com/just_for_fun/pocketledger/ui/dashboard/D
ashboardScreen.kt:10:47 Unresolved reference 'DirectionsCar'.
e: file:///E:/Git-Hub/Better/Android_Native/PocketLedger/app/src/main/java/com/just_for_fun/pocketledger/ui/dashboard/D
ashboardScreen.kt:11:47 Unresolved reference 'Restaurant'.
e: file:///E:/Git-Hub/Better/Android_Native/PocketLedger/app/src/main/java/com/just_for_fun/pocketledger/ui/dashboard/D
ashboardScreen.kt:40:111 Unresolved reference 'Restaurant'.
e: file:///E:/Git-Hub/Better/Android_Native/PocketLedger/app/src/main/java/com/just_for_fun/pocketledger/ui/dashboard/D
ashboardScreen.kt:41:109 Unresolved reference 'DirectionsCar'.
e: file:///E:/Git-Hub/Better/Android_Native/PocketLedger/app/src/main/java/com/just_for_fun/pocketledger/ui/dashboard/D
ashboardScreen.kt:42:105 Unresolved reference 'AttachMoney'.
e: file:///E:/Git-Hub/Better/Android_Native/PocketLedger/app/src/main/java/com/just_for_fun/pocketledger/ui/history/His
toryScreen.kt:7:47 Unresolved reference 'FilterList'.
e: file:///E:/Git-Hub/Better/Android_Native/PocketLedger/app/src/main/java/com/just_for_fun/pocketledger/ui/history/His
toryScreen.kt:56:40 Unresolved reference 'FilterList'.

FAILURE: Build failed with an exception.

* What went wrong:
Execution failed for task ':app:compileDebugKotlin'.
> A failure occurred while executing 
org.jetbrains.kotlin.compilerRunner.GradleCompilerRunnerWithWorkers$GradleKotlinCompilerWorkAction
   > Compilation error. See log for more details

* Try:
> Run with --stacktrace option to get the stack trace.
> Run with --info or --debug option to get more log output.
> Run with --scan to get full insights from a Build Scan (powered by Develocity).
> Get more help at https://help.gradle.org.

BUILD FAILED in 4s
6 actionable tasks: 1 executed, 5 up-to-date
